Archive member included to satisfy reference by file (symbol)

/opt/Atollic_TrueSTUDIO_for_STM32_x86_64_9.3.0/ARMTools/bin/../lib/gcc/arm-atollic-eabi/6.3.1/../../../../arm-atollic-eabi/lib/armv7e-m/fpu/fpv5-d16/libc_nano.a(lib_a-errno.o)
                              Src/syscalls.o (__errno)
/opt/Atollic_TrueSTUDIO_for_STM32_x86_64_9.3.0/ARMTools/bin/../lib/gcc/arm-atollic-eabi/6.3.1/../../../../arm-atollic-eabi/lib/armv7e-m/fpu/fpv5-d16/libc_nano.a(lib_a-impure.o)
                              /opt/Atollic_TrueSTUDIO_for_STM32_x86_64_9.3.0/ARMTools/bin/../lib/gcc/arm-atollic-eabi/6.3.1/../../../../arm-atollic-eabi/lib/armv7e-m/fpu/fpv5-d16/libc_nano.a(lib_a-errno.o) (_impure_ptr)
/opt/Atollic_TrueSTUDIO_for_STM32_x86_64_9.3.0/ARMTools/bin/../lib/gcc/arm-atollic-eabi/6.3.1/../../../../arm-atollic-eabi/lib/armv7e-m/fpu/fpv5-d16/libc_nano.a(lib_a-init.o)
                              startup/startup_stm32h743xx.o (__libc_init_array)
/opt/Atollic_TrueSTUDIO_for_STM32_x86_64_9.3.0/ARMTools/bin/../lib/gcc/arm-atollic-eabi/6.3.1/../../../../arm-atollic-eabi/lib/armv7e-m/fpu/fpv5-d16/libc_nano.a(lib_a-memset.o)
                              Src/main.o (memset)

Allocating common symbols
Common symbol       size              file

reg                 0x2               Src/main.o
_100_msec           0x1               Src/debug.o
uwTick              0x4               Drivers/STM32H7xx_HAL_Driver/Src/stm32h7xx_hal.o
pFlash              0x1c              Drivers/STM32H7xx_HAL_Driver/Src/stm32h7xx_hal_flash.o
counter             0x1               Src/main.o
htim1               0x40              Src/main.o
hspi1               0x88              Src/spi.o
int_pin             0x1               Src/main.o

Discarded input sections

 .text          0x0000000000000000        0x0 /opt/Atollic_TrueSTUDIO_for_STM32_x86_64_9.3.0/ARMTools/bin/../lib/gcc/arm-atollic-eabi/6.3.1/armv7e-m/fpu/fpv5-d16/crti.o
 .data          0x0000000000000000        0x0 /opt/Atollic_TrueSTUDIO_for_STM32_x86_64_9.3.0/ARMTools/bin/../lib/gcc/arm-atollic-eabi/6.3.1/armv7e-m/fpu/fpv5-d16/crti.o
 .bss           0x0000000000000000        0x0 /opt/Atollic_TrueSTUDIO_for_STM32_x86_64_9.3.0/ARMTools/bin/../lib/gcc/arm-atollic-eabi/6.3.1/armv7e-m/fpu/fpv5-d16/crti.o
 .data          0x0000000000000000        0x4 /opt/Atollic_TrueSTUDIO_for_STM32_x86_64_9.3.0/ARMTools/bin/../lib/gcc/arm-atollic-eabi/6.3.1/armv7e-m/fpu/fpv5-d16/crtbegin.o
 .text          0x0000000000000000        0x0 Drivers/STM32H7xx_HAL_Driver/Src/stm32h7xx_hal.o
 .data          0x0000000000000000        0x0 Drivers/STM32H7xx_HAL_Driver/Src/stm32h7xx_hal.o
 .bss           0x0000000000000000        0x0 Drivers/STM32H7xx_HAL_Driver/Src/stm32h7xx_hal.o
 .text.HAL_DeInit
                0x0000000000000000       0xb0 Drivers/STM32H7xx_HAL_Driver/Src/stm32h7xx_hal.o
 .text.HAL_MspInit
                0x0000000000000000        0xe Drivers/STM32H7xx_HAL_Driver/Src/stm32h7xx_hal.o
 .text.HAL_MspDeInit
                0x0000000000000000        0xe Drivers/STM32H7xx_HAL_Driver/Src/stm32h7xx_hal.o
 .text.HAL_GetTickPrio
                0x0000000000000000       0x18 Drivers/STM32H7xx_HAL_Driver/Src/stm32h7xx_hal.o
 .text.HAL_SetTickFreq
                0x0000000000000000       0x40 Drivers/STM32H7xx_HAL_Driver/Src/stm32h7xx_hal.o
 .text.HAL_GetTickFreq
                0x0000000000000000       0x18 Drivers/STM32H7xx_HAL_Driver/Src/stm32h7xx_hal.o
 .text.HAL_Delay
                0x0000000000000000       0x44 Drivers/STM32H7xx_HAL_Driver/Src/stm32h7xx_hal.o
 .text.HAL_SuspendTick
                0x0000000000000000       0x20 Drivers/STM32H7xx_HAL_Driver/Src/stm32h7xx_hal.o
 .text.HAL_ResumeTick
                0x0000000000000000       0x20 Drivers/STM32H7xx_HAL_Driver/Src/stm32h7xx_hal.o
 .text.HAL_GetHalVersion
                0x0000000000000000       0x12 Drivers/STM32H7xx_HAL_Driver/Src/stm32h7xx_hal.o
 .text.HAL_GetDEVID
                0x0000000000000000       0x1c Drivers/STM32H7xx_HAL_Driver/Src/stm32h7xx_hal.o
 .text.HAL_GetUIDw0
                0x0000000000000000       0x18 Drivers/STM32H7xx_HAL_Driver/Src/stm32h7xx_hal.o
 .text.HAL_GetUIDw1
                0x0000000000000000       0x18 Drivers/STM32H7xx_HAL_Driver/Src/stm32h7xx_hal.o
 .text.HAL_GetUIDw2
                0x0000000000000000       0x18 Drivers/STM32H7xx_HAL_Driver/Src/stm32h7xx_hal.o
 .text.HAL_SYSCFG_VREFBUF_VoltageScalingConfig
                0x0000000000000000       0x28 Drivers/STM32H7xx_HAL_Driver/Src/stm32h7xx_hal.o
 .text.HAL_SYSCFG_VREFBUF_HighImpedanceConfig
                0x0000000000000000       0x28 Drivers/STM32H7xx_HAL_Driver/Src/stm32h7xx_hal.o
 .text.HAL_SYSCFG_VREFBUF_TrimmingConfig
                0x0000000000000000       0x28 Drivers/STM32H7xx_HAL_Driver/Src/stm32h7xx_hal.o
 .text.HAL_SYSCFG_EnableVREFBUF
                0x0000000000000000       0x48 Drivers/STM32H7xx_HAL_Driver/Src/stm32h7xx_hal.o
 .text.HAL_SYSCFG_DisableVREFBUF
[...]
Memory Configuration

Name             Origin             Length             Attributes
DTCMRAM          0x0000000020000000 0x0000000000020000 xrw
RAM_D1           0x0000000024000000 0x0000000000080000 xrw
RAM_D2           0x0000000030000000 0x0000000000048000 xrw
RAM_D3           0x0000000038000000 0x0000000000010000 xrw
ITCMRAM          0x0000000000000000 0x0000000000010000 xrw
FLASH            0x0000000008000000 0x0000000000200000 xr
*default*        0x0000000000000000 0xffffffffffffffff

Linker script and memory map

LOAD /opt/Atollic_TrueSTUDIO_for_STM32_x86_64_9.3.0/ARMTools/bin/../lib/gcc/arm-atollic-eabi/6.3.1/armv7e-m/fpu/fpv5-d16/crti.o
LOAD /opt/Atollic_TrueSTUDIO_for_STM32_x86_64_9.3.0/ARMTools/bin/../lib/gcc/arm-atollic-eabi/6.3.1/armv7e-m/fpu/fpv5-d16/crtbegin.o
LOAD Drivers/STM32H7xx_HAL_Driver/Src/stm32h7xx_hal.o
LOAD Drivers/STM32H7xx_HAL_Driver/Src/stm32h7xx_hal_cortex.o
LOAD Drivers/STM32H7xx_HAL_Driver/Src/stm32h7xx_hal_dma.o
LOAD Drivers/STM32H7xx_HAL_Driver/Src/stm32h7xx_hal_dma_ex.o
LOAD Drivers/STM32H7xx_HAL_Driver/Src/stm32h7xx_hal_exti.o
LOAD Drivers/STM32H7xx_HAL_Driver/Src/stm32h7xx_hal_flash.o
LOAD Drivers/STM32H7xx_HAL_Driver/Src/stm32h7xx_hal_flash_ex.o
LOAD Drivers/STM32H7xx_HAL_Driver/Src/stm32h7xx_hal_gpio.o
LOAD Drivers/STM32H7xx_HAL_Driver/Src/stm32h7xx_hal_hsem.o
LOAD Drivers/STM32H7xx_HAL_Driver/Src/stm32h7xx_hal_i2c.o
LOAD Drivers/STM32H7xx_HAL_Driver/Src/stm32h7xx_hal_i2c_ex.o
LOAD Drivers/STM32H7xx_HAL_Driver/Src/stm32h7xx_hal_mdma.o
LOAD Drivers/STM32H7xx_HAL_Driver/Src/stm32h7xx_hal_pwr.o
LOAD Drivers/STM32H7xx_HAL_Driver/Src/stm32h7xx_hal_pwr_ex.o
LOAD Drivers/STM32H7xx_HAL_Driver/Src/stm32h7xx_hal_rcc.o
LOAD Drivers/STM32H7xx_HAL_Driver/Src/stm32h7xx_hal_rcc_ex.o
LOAD Drivers/STM32H7xx_HAL_Driver/Src/stm32h7xx_hal_spi.o
LOAD Drivers/STM32H7xx_HAL_Driver/Src/stm32h7xx_hal_spi_ex.o
LOAD Drivers/STM32H7xx_HAL_Driver/Src/stm32h7xx_hal_tim.o
LOAD Drivers/STM32H7xx_HAL_Driver/Src/stm32h7xx_hal_tim_ex.o
LOAD Src/debug.o
LOAD Src/gpio.o
LOAD Src/main.o
LOAD Src/spi.o
LOAD Src/stm32h7xx_hal_msp.o
LOAD Src/stm32h7xx_it.o
LOAD Src/syscalls.o
LOAD Src/system_stm32h7xx.o
LOAD Src/tim.o
LOAD startup/startup_stm32h743xx.o
                0x0000000000000080                malloc_getpagesize_P = 0x80
START GROUP
LOAD /opt/Atollic_TrueSTUDIO_for_STM32_x86_64_9.3.0/ARMTools/bin/../lib/gcc/arm-atollic-eabi/6.3.1/../../../../arm-atollic-eabi/lib/armv7e-m/fpu/fpv5-d16/libc_nano.a
LOAD /opt/Atollic_TrueSTUDIO_for_STM32_x86_64_9.3.0/ARMTools/bin/../lib/gcc/arm-atollic-eabi/6.3.1/../../../../arm-atollic-eabi/lib/armv7e-m/fpu/fpv5-d16/libm.a
END GROUP
START GROUP
LOAD /opt/Atollic_TrueSTUDIO_for_STM32_x86_64_9.3.0/ARMTools/bin/../lib/gcc/arm-atollic-eabi/6.3.1/armv7e-m/fpu/fpv5-d16/libgcc.a
LOAD /opt/Atollic_TrueSTUDIO_for_STM32_x86_64_9.3.0/ARMTools/bin/../lib/gcc/arm-atollic-eabi/6.3.1/../../../../arm-atollic-eabi/lib/armv7e-m/fpu/fpv5-d16/libc_nano.a
END GROUP
START GROUP
LOAD /opt/Atollic_TrueSTUDIO_for_STM32_x86_64_9.3.0/ARMTools/bin/../lib/gcc/arm-atollic-eabi/6.3.1/armv7e-m/fpu/fpv5-d16/libgcc.a
LOAD /opt/Atollic_TrueSTUDIO_for_STM32_x86_64_9.3.0/ARMTools/bin/../lib/gcc/arm-atollic-eabi/6.3.1/../../../../arm-atollic-eabi/lib/armv7e-m/fpu/fpv5-d16/libc_nano.a
LOAD /opt/Atollic_TrueSTUDIO_for_STM32_x86_64_9.3.0/ARMTools/bin/../lib/gcc/arm-atollic-eabi/6.3.1/../../../../arm-atollic-eabi/lib/armv7e-m/fpu/fpv5-d16/libnosys.a
END GROUP
START GROUP
LOAD /opt/Atollic_TrueSTUDIO_for_STM32_x86_64_9.3.0/ARMTools/bin/../lib/gcc/arm-atollic-eabi/6.3.1/armv7e-m/fpu/fpv5-d16/libgcc.a
LOAD /opt/Atollic_TrueSTUDIO_for_STM32_x86_64_9.3.0/ARMTools/bin/../lib/gcc/arm-atollic-eabi/6.3.1/../../../../arm-atollic-eabi/lib/armv7e-m/fpu/fpv5-d16/libc_nano.a
LOAD /opt/Atollic_TrueSTUDIO_for_STM32_x86_64_9.3.0/ARMTools/bin/../lib/gcc/arm-atollic-eabi/6.3.1/../../../../arm-atollic-eabi/lib/armv7e-m/fpu/fpv5-d16/libnosys.a
END GROUP
LOAD /opt/Atollic_TrueSTUDIO_for_STM32_x86_64_9.3.0/ARMTools/bin/../lib/gcc/arm-atollic-eabi/6.3.1/armv7e-m/fpu/fpv5-d16/crtend.o
LOAD /opt/Atollic_TrueSTUDIO_for_STM32_x86_64_9.3.0/ARMTools/bin/../lib/gcc/arm-atollic-eabi/6.3.1/armv7e-m/fpu/fpv5-d16/crtn.o
                0x0000000020020000                _estack = 0x20020000
                0x0000000000000200                _Min_Heap_Size = 0x200
                0x0000000000000400                _Min_Stack_Size = 0x400

.isr_vector     0x0000000008000000      0x298
                0x0000000008000000                . = ALIGN (0x4)
 *(.isr_vector)
 .isr_vector    0x0000000008000000      0x298 startup/startup_stm32h743xx.o
                0x0000000008000000                g_pfnVectors
                0x0000000008000298                . = ALIGN (0x4)

.text           0x0000000008000298     0x411c
                0x0000000008000298                . = ALIGN (0x4)
 *(.text)
 .text          0x0000000008000298       0x40 /opt/Atollic_TrueSTUDIO_for_STM32_x86_64_9.3.0/ARMTools/bin/../lib/gcc/arm-atollic-eabi/6.3.1/armv7e-m/fpu/fpv5-d16/crtbegin.o
 *(.text*)
 .text.HAL_Init
                0x00000000080002d8       0x70 Drivers/STM32H7xx_HAL_Driver/Src/stm32h7xx_hal.o
                0x00000000080002d8                HAL_Init
 .text.HAL_InitTick
                0x0000000008000348       0x6c Drivers/STM32H7xx_HAL_Driver/Src/stm32h7xx_hal.o
                0x0000000008000348                HAL_InitTick
 .text.HAL_IncTick
                0x00000000080003b4       0x28 Drivers/STM32H7xx_HAL_Driver/Src/stm32h7xx_hal.o
                0x00000000080003b4                HAL_IncTick
 .text.HAL_GetTick
                0x00000000080003dc       0x18 Drivers/STM32H7xx_HAL_Driver/Src/stm32h7xx_hal.o
                0x00000000080003dc                HAL_GetTick
 .text.HAL_GetREVID
                0x00000000080003f4       0x18 Drivers/STM32H7xx_HAL_Driver/Src/stm32h7xx_hal.o
                0x00000000080003f4                HAL_GetREVID
 .text.__NVIC_SetPriorityGrouping
                0x000000000800040c       0x48 Drivers/STM32H7xx_HAL_Driver/Src/stm32h7xx_hal_cortex.o
 .text.__NVIC_GetPriorityGrouping
                0x0000000008000454       0x1c Drivers/STM32H7xx_HAL_Driver/Src/stm32h7xx_hal_cortex.o
 .text.__NVIC_EnableIRQ
                0x0000000008000470       0x3c Drivers/STM32H7xx_HAL_Driver/Src/stm32h7xx_hal_cortex.o
 .text.__NVIC_SetPriority
                0x00000000080004ac       0x54 Drivers/STM32H7xx_HAL_Driver/Src/stm32h7xx_hal_cortex.o
 .text.NVIC_EncodePriority
                0x0000000008000500       0x62 Drivers/STM32H7xx_HAL_Driver/Src/stm32h7xx_hal_cortex.o
 *fill*         0x0000000008000562        0x2 
 .text.SysTick_Config
                0x0000000008000564       0x44 Drivers/STM32H7xx_HAL_Driver/Src/stm32h7xx_hal_cortex.o
 .text.HAL_NVIC_SetPriorityGrouping
                0x00000000080005a8       0x16 Drivers/STM32H7xx_HAL_Driver/Src/stm32h7xx_hal_cortex.o
                0x00000000080005a8                HAL_NVIC_SetPriorityGrouping
 .text.HAL_NVIC_SetPriority
                0x00000000080005be       0x34 Drivers/STM32H7xx_HAL_Driver/Src/stm32h7xx_hal_cortex.o
                0x00000000080005be                HAL_NVIC_SetPriority
 .text.HAL_NVIC_EnableIRQ
                0x00000000080005f2       0x1c Drivers/STM32H7xx_HAL_Driver/Src/stm32h7xx_hal_cortex.o
                0x00000000080005f2                HAL_NVIC_EnableIRQ
 .text.HAL_SYSTICK_Config
                0x000000000800060e       0x18 Drivers/STM32H7xx_HAL_Driver/Src/stm32h7xx_hal_cortex.o
                0x000000000800060e                HAL_SYSTICK_Config
 *fill*         0x0000000008000626        0x2 
 .text.HAL_GPIO_Init
                0x0000000008000628      0x360 Drivers/STM32H7xx_HAL_Driver/Src/stm32h7xx_hal_gpio.o
                0x0000000008000628                HAL_GPIO_Init
 .text.HAL_GPIO_WritePin
                0x0000000008000988       0x32 Drivers/STM32H7xx_HAL_Driver/Src/stm32h7xx_hal_gpio.o
                0x0000000008000988                HAL_GPIO_WritePin
 .text.HAL_GPIO_TogglePin
                0x00000000080009ba       0x36 Drivers/STM32H7xx_HAL_Driver/Src/stm32h7xx_hal_gpio.o
                0x00000000080009ba                HAL_GPIO_TogglePin
 .text.HAL_GPIO_EXTI_IRQHandler
                0x00000000080009f0       0x30 Drivers/STM32H7xx_HAL_Driver/Src/stm32h7xx_hal_gpio.o
                0x00000000080009f0                HAL_GPIO_EXTI_IRQHandler
 .text.HAL_PWREx_ConfigSupply
                0x0000000008000a20       0x70 Drivers/STM32H7xx_HAL_Driver/Src/stm32h7xx_hal_pwr_ex.o
                0x0000000008000a20                HAL_PWREx_ConfigSupply
 .text.HAL_RCC_OscConfig
                0x0000000008000a90      0x770 Drivers/STM32H7xx_HAL_Driver/Src/stm32h7xx_hal_rcc.o
                0x0000000008000a90                HAL_RCC_OscConfig
 .text.HAL_RCC_ClockConfig
                0x0000000008001200      0x348 Drivers/STM32H7xx_HAL_Driver/Src/stm32h7xx_hal_rcc.o
                0x0000000008001200                HAL_RCC_ClockConfig
 .text.HAL_RCC_GetSysClockFreq
                0x0000000008001548      0x2e4 Drivers/STM32H7xx_HAL_Driver/Src/stm32h7xx_hal_rcc.o
                0x0000000008001548                HAL_RCC_GetSysClockFreq
 .text.HAL_RCCEx_PeriphCLKConfig
                0x000000000800182c      0xde0 Drivers/STM32H7xx_HAL_Driver/Src/stm32h7xx_hal_rcc_ex.o
                0x000000000800182c                HAL_RCCEx_PeriphCLKConfig
 .text.RCCEx_PLL2_Config
                0x000000000800260c      0x164 Drivers/STM32H7xx_HAL_Driver/Src/stm32h7xx_hal_rcc_ex.o
 .text.RCCEx_PLL3_Config
                0x0000000008002770      0x164 Drivers/STM32H7xx_HAL_Driver/Src/stm32h7xx_hal_rcc_ex.o
 .text.HAL_SPI_Init
                0x00000000080028d4      0x1ec Drivers/STM32H7xx_HAL_Driver/Src/stm32h7xx_hal_spi.o
                0x00000000080028d4                HAL_SPI_Init
 .text.HAL_SPI_TransmitReceive
                0x0000000008002ac0      0x5d8 Drivers/STM32H7xx_HAL_Driver/Src/stm32h7xx_hal_spi.o
                0x0000000008002ac0                HAL_SPI_TransmitReceive
 .text.HAL_SPI_GetState
                0x0000000008003098       0x1c Drivers/STM32H7xx_HAL_Driver/Src/stm32h7xx_hal_spi.o
                0x0000000008003098                HAL_SPI_GetState
 .text.SPI_CloseTransfer
                0x00000000080030b4      0x140 Drivers/STM32H7xx_HAL_Driver/Src/stm32h7xx_hal_spi.o
 .text.SPI_WaitOnFlagUntilTimeout
                0x00000000080031f4       0x5c Drivers/STM32H7xx_HAL_Driver/Src/stm32h7xx_hal_spi.o
 .text.SPI_GetPacketSize
                0x0000000008003250       0x36 Drivers/STM32H7xx_HAL_Driver/Src/stm32h7xx_hal_spi.o
 .text.HAL_TIM_Base_Init
                0x0000000008003286       0x56 Drivers/STM32H7xx_HAL_Driver/Src/stm32h7xx_hal_tim.o
                0x0000000008003286                HAL_TIM_Base_Init
 .text.HAL_TIM_Base_Start_IT
                0x00000000080032dc       0x54 Drivers/STM32H7xx_HAL_Driver/Src/stm32h7xx_hal_tim.o
                0x00000000080032dc                HAL_TIM_Base_Start_IT
 .text.HAL_TIM_IRQHandler
                0x0000000008003330      0x23e Drivers/STM32H7xx_HAL_Driver/Src/stm32h7xx_hal_tim.o
                0x0000000008003330                HAL_TIM_IRQHandler
 *fill*         0x000000000800356e        0x2 
 .text.HAL_TIM_ConfigClockSource
                0x0000000008003570      0x1a0 Drivers/STM32H7xx_HAL_Driver/Src/stm32h7xx_hal_tim.o
                0x0000000008003570                HAL_TIM_ConfigClockSource
 .text.HAL_TIM_OC_DelayElapsedCallback
                0x0000000008003710       0x14 Drivers/STM32H7xx_HAL_Driver/Src/stm32h7xx_hal_tim.o
                0x0000000008003710                HAL_TIM_OC_DelayElapsedCallback
 .text.HAL_TIM_IC_CaptureCallback
                0x0000000008003724       0x14 Drivers/STM32H7xx_HAL_Driver/Src/stm32h7xx_hal_tim.o
                0x0000000008003724                HAL_TIM_IC_CaptureCallback
 .text.HAL_TIM_PWM_PulseFinishedCallback
                0x0000000008003738       0x14 Drivers/STM32H7xx_HAL_Driver/Src/stm32h7xx_hal_tim.o
                0x0000000008003738                HAL_TIM_PWM_PulseFinishedCallback
 .text.HAL_TIM_TriggerCallback
                0x000000000800374c       0x14 Drivers/STM32H7xx_HAL_Driver/Src/stm32h7xx_hal_tim.o
                0x000000000800374c                HAL_TIM_TriggerCallback
 .text.TIM_Base_SetConfig
                0x0000000008003760      0x134 Drivers/STM32H7xx_HAL_Driver/Src/stm32h7xx_hal_tim.o
                0x0000000008003760                TIM_Base_SetConfig
 .text.TIM_TI1_ConfigInputStage
                0x0000000008003894       0x5e Drivers/STM32H7xx_HAL_Driver/Src/stm32h7xx_hal_tim.o
 .text.TIM_TI2_ConfigInputStage
                0x00000000080038f2       0x60 Drivers/STM32H7xx_HAL_Driver/Src/stm32h7xx_hal_tim.o
 *fill*         0x0000000008003952        0x2 
 .text.TIM_ITRx_SetConfig
                0x0000000008003954       0x3c Drivers/STM32H7xx_HAL_Driver/Src/stm32h7xx_hal_tim.o
 .text.TIM_ETR_SetConfig
                0x0000000008003990       0x40 Drivers/STM32H7xx_HAL_Driver/Src/stm32h7xx_hal_tim.o
                0x0000000008003990                TIM_ETR_SetConfig
 .text.HAL_TIMEx_MasterConfigSynchronization
                0x00000000080039d0       0xb8 Drivers/STM32H7xx_HAL_Driver/Src/stm32h7xx_hal_tim_ex.o
                0x00000000080039d0                HAL_TIMEx_MasterConfigSynchronization
 .text.HAL_TIMEx_CommutCallback
                0x0000000008003a88       0x14 Drivers/STM32H7xx_HAL_Driver/Src/stm32h7xx_hal_tim_ex.o
                0x0000000008003a88                HAL_TIMEx_CommutCallback
 .text.HAL_TIMEx_BreakCallback
                0x0000000008003a9c       0x14 Drivers/STM32H7xx_HAL_Driver/Src/stm32h7xx_hal_tim_ex.o
                0x0000000008003a9c                HAL_TIMEx_BreakCallback
 .text.HAL_TIMEx_Break2Callback
                0x0000000008003ab0       0x14 Drivers/STM32H7xx_HAL_Driver/Src/stm32h7xx_hal_tim_ex.o
                0x0000000008003ab0                HAL_TIMEx_Break2Callback
 .text.MX_GPIO_Init
                0x0000000008003ac4      0x140 Src/gpio.o
                0x0000000008003ac4                MX_GPIO_Init
 .text.HAL_GPIO_EXTI_Callback
                0x0000000008003c04       0x28 Src/main.o
                0x0000000008003c04                HAL_GPIO_EXTI_Callback
 .text.HAL_TIM_PeriodElapsedCallback
                0x0000000008003c2c       0x3c Src/main.o
                0x0000000008003c2c                HAL_TIM_PeriodElapsedCallback
 .text.main     0x0000000008003c68       0x6c Src/main.o
                0x0000000008003c68                main
 .text.SystemClock_Config
                0x0000000008003cd4      0x160 Src/main.o
                0x0000000008003cd4                SystemClock_Config
 .text.Error_Handler
                0x0000000008003e34        0xe Src/main.o
                0x0000000008003e34                Error_Handler
 *fill*         0x0000000008003e42        0x2 
 .text.MX_SPI1_Init
                0x0000000008003e44       0xb0 Src/spi.o
                0x0000000008003e44                MX_SPI1_Init
 .text.HAL_SPI_MspInit
                0x0000000008003ef4       0xd4 Src/spi.o
                0x0000000008003ef4                HAL_SPI_MspInit
 .text.AS5050A_SPI_Read_2Byte
                0x0000000008003fc8       0xb8 Src/spi.o
                0x0000000008003fc8                AS5050A_SPI_Read_2Byte
 .text.HAL_MspInit
                0x0000000008004080       0x34 Src/stm32h7xx_hal_msp.o
                0x0000000008004080                HAL_MspInit
 .text.NMI_Handler
                0x00000000080040b4        0xe Src/stm32h7xx_it.o
                0x00000000080040b4                NMI_Handler
 .text.HardFault_Handler
                0x00000000080040c2        0x6 Src/stm32h7xx_it.o
                0x00000000080040c2                HardFault_Handler
 .text.MemManage_Handler
                0x00000000080040c8        0x6 Src/stm32h7xx_it.o
                0x00000000080040c8                MemManage_Handler
 .text.BusFault_Handler
                0x00000000080040ce        0x6 Src/stm32h7xx_it.o
                0x00000000080040ce                BusFault_Handler
 .text.UsageFault_Handler
                0x00000000080040d4        0x6 Src/stm32h7xx_it.o
                0x00000000080040d4                UsageFault_Handler
 .text.SVC_Handler
                0x00000000080040da        0xe Src/stm32h7xx_it.o
                0x00000000080040da                SVC_Handler
 .text.DebugMon_Handler
                0x00000000080040e8        0xe Src/stm32h7xx_it.o
                0x00000000080040e8                DebugMon_Handler
 .text.PendSV_Handler
                0x00000000080040f6        0xe Src/stm32h7xx_it.o
                0x00000000080040f6                PendSV_Handler
 .text.SysTick_Handler
                0x0000000008004104        0xc Src/stm32h7xx_it.o
                0x0000000008004104                SysTick_Handler
 .text.EXTI3_IRQHandler
                0x0000000008004110        0xe Src/stm32h7xx_it.o
                0x0000000008004110                EXTI3_IRQHandler
 *fill*         0x000000000800411e        0x2 
 .text.TIM1_UP_IRQHandler
                0x0000000008004120       0x14 Src/stm32h7xx_it.o
                0x0000000008004120                TIM1_UP_IRQHandler
 .text.SystemInit
                0x0000000008004134       0xc4 Src/system_stm32h7xx.o
                0x0000000008004134                SystemInit
 .text.MX_TIM1_Init
                0x00000000080041f8       0xa8 Src/tim.o
                0x00000000080041f8                MX_TIM1_Init
 .text.HAL_TIM_Base_MspInit
                0x00000000080042a0       0x50 Src/tim.o
                0x00000000080042a0                HAL_TIM_Base_MspInit
 .text.Reset_Handler
                0x00000000080042f0       0x50 startup/startup_stm32h743xx.o
                0x00000000080042f0                Reset_Handler
 .text.Default_Handler
                0x0000000008004340        0x2 startup/startup_stm32h743xx.o
                0x0000000008004340                RTC_Alarm_IRQHandler
                0x0000000008004340                EXTI2_IRQHandler
                0x0000000008004340                TIM8_CC_IRQHandler
                0x0000000008004340                HRTIM1_Master_IRQHandler
                0x0000000008004340                UART8_IRQHandler
                0x0000000008004340                SPI4_IRQHandler
                0x0000000008004340                TIM1_CC_IRQHandler
                0x0000000008004340                BDMA_Channel6_IRQHandler
                0x0000000008004340                DMA2_Stream5_IRQHandler
                0x0000000008004340                HRTIM1_FLT_IRQHandler
                0x0000000008004340                JPEG_IRQHandler
                0x0000000008004340                DMA1_Stream5_IRQHandler
                0x0000000008004340                BDMA_Channel1_IRQHandler
                0x0000000008004340                HRTIM1_TIMD_IRQHandler
                0x0000000008004340                TAMP_STAMP_IRQHandler
                0x0000000008004340                LPTIM4_IRQHandler
                0x0000000008004340                TIM8_TRG_COM_TIM14_IRQHandler
                0x0000000008004340                LPTIM2_IRQHandler
                0x0000000008004340                DFSDM1_FLT1_IRQHandler
                0x0000000008004340                DMAMUX2_OVR_IRQHandler
                0x0000000008004340                TIM8_UP_TIM13_IRQHandler
                0x0000000008004340                I2C3_ER_IRQHandler
                0x0000000008004340                DFSDM1_FLT2_IRQHandler
                0x0000000008004340                MDMA_IRQHandler
                0x0000000008004340                LPTIM3_IRQHandler
                0x0000000008004340                HSEM1_IRQHandler
                0x0000000008004340                EXTI0_IRQHandler
                0x0000000008004340                I2C2_EV_IRQHandler
                0x0000000008004340                DMA1_Stream2_IRQHandler
                0x0000000008004340                FPU_IRQHandler
                0x0000000008004340                OTG_HS_WKUP_IRQHandler
                0x0000000008004340                FDCAN1_IT1_IRQHandler
                0x0000000008004340                LTDC_ER_IRQHandler
                0x0000000008004340                DMA2_Stream2_IRQHandler
                0x0000000008004340                HRTIM1_TIME_IRQHandler
                0x0000000008004340                SPI1_IRQHandler
                0x0000000008004340                TIM6_DAC_IRQHandler
                0x0000000008004340                DCMI_IRQHandler
                0x0000000008004340                HRTIM1_TIMC_IRQHandler
                0x0000000008004340                DMA2_Stream3_IRQHandler
                0x0000000008004340                SAI2_IRQHandler
                0x0000000008004340                DFSDM1_FLT3_IRQHandler
                0x0000000008004340                USART6_IRQHandler
                0x0000000008004340                TIM17_IRQHandler
                0x0000000008004340                USART3_IRQHandler
                0x0000000008004340                BDMA_Channel7_IRQHandler
                0x0000000008004340                LPTIM5_IRQHandler
                0x0000000008004340                UART5_IRQHandler
                0x0000000008004340                ADC3_IRQHandler
                0x0000000008004340                DMA2_Stream0_IRQHandler
                0x0000000008004340                TIM4_IRQHandler
                0x0000000008004340                BDMA_Channel2_IRQHandler
                0x0000000008004340                QUADSPI_IRQHandler
                0x0000000008004340                I2C1_EV_IRQHandler
                0x0000000008004340                DMA1_Stream6_IRQHandler
                0x0000000008004340                DMAMUX1_OVR_IRQHandler
                0x0000000008004340                DMA1_Stream1_IRQHandler
                0x0000000008004340                TIM16_IRQHandler
                0x0000000008004340                UART4_IRQHandler
                0x0000000008004340                BDMA_Channel5_IRQHandler
                0x0000000008004340                TIM3_IRQHandler
                0x0000000008004340                RCC_IRQHandler
                0x0000000008004340                TIM8_BRK_TIM12_IRQHandler
                0x0000000008004340                TIM1_TRG_COM_IRQHandler
                0x0000000008004340                Default_Handler
                0x0000000008004340                ECC_IRQHandler
                0x0000000008004340                CEC_IRQHandler
                0x0000000008004340                EXTI15_10_IRQHandler
                0x0000000008004340                BDMA_Channel0_IRQHandler
                0x0000000008004340                ADC_IRQHandler
                0x0000000008004340                DMA1_Stream7_IRQHandler
                0x0000000008004340                HRTIM1_TIMA_IRQHandler
                0x0000000008004340                SPI5_IRQHandler
                0x0000000008004340                TIM7_IRQHandler
                0x0000000008004340                SDMMC1_IRQHandler
                0x0000000008004340                TIM5_IRQHandler
                0x0000000008004340                DMA2_Stream7_IRQHandler
                0x0000000008004340                TIM15_IRQHandler
                0x0000000008004340                PVD_AVD_IRQHandler
                0x0000000008004340                I2C3_EV_IRQHandler
                0x0000000008004340                EXTI9_5_IRQHandler
                0x0000000008004340                RTC_WKUP_IRQHandler
                0x0000000008004340                LTDC_IRQHandler
                0x0000000008004340                SAI3_IRQHandler
                0x0000000008004340                ETH_WKUP_IRQHandler
                0x0000000008004340                SPDIF_RX_IRQHandler
                0x0000000008004340                SPI2_IRQHandler
                0x0000000008004340                OTG_HS_EP1_IN_IRQHandler
                0x0000000008004340                DMA1_Stream0_IRQHandler
                0x0000000008004340                CRS_IRQHandler
                0x0000000008004340                EXTI4_IRQHandler
                0x0000000008004340                RNG_IRQHandler
                0x0000000008004340                HRTIM1_TIMB_IRQHandler
                0x0000000008004340                FDCAN2_IT1_IRQHandler
                0x0000000008004340                ETH_IRQHandler
                0x0000000008004340                BDMA_Channel4_IRQHandler
                0x0000000008004340                OTG_HS_EP1_OUT_IRQHandler
                0x0000000008004340                WWDG_IRQHandler
                0x0000000008004340                SPI6_IRQHandler
                0x0000000008004340                MDIOS_IRQHandler
                0x0000000008004340                I2C4_EV_IRQHandler
                0x0000000008004340                FDCAN2_IT0_IRQHandler
                0x0000000008004340                LPUART1_IRQHandler
                0x0000000008004340                FDCAN1_IT0_IRQHandler
                0x0000000008004340                TIM2_IRQHandler
                0x0000000008004340                OTG_FS_WKUP_IRQHandler
                0x0000000008004340                OTG_HS_IRQHandler
                0x0000000008004340                DMA2D_IRQHandler
                0x0000000008004340                TIM1_BRK_IRQHandler
                0x0000000008004340                EXTI1_IRQHandler
                0x0000000008004340                SDMMC2_IRQHandler
                0x0000000008004340                OTG_FS_EP1_OUT_IRQHandler
                0x0000000008004340                BDMA_Channel3_IRQHandler
                0x0000000008004340                UART7_IRQHandler
                0x0000000008004340                MDIOS_WKUP_IRQHandler
                0x0000000008004340                USART2_IRQHandler
                0x0000000008004340                DFSDM1_FLT0_IRQHandler
                0x0000000008004340                SAI4_IRQHandler
                0x0000000008004340                I2C2_ER_IRQHandler
                0x0000000008004340                DMA2_Stream1_IRQHandler
                0x0000000008004340                FLASH_IRQHandler
                0x0000000008004340                DMA2_Stream4_IRQHandler
                0x0000000008004340                USART1_IRQHandler
                0x0000000008004340                OTG_FS_IRQHandler
                0x0000000008004340                SPI3_IRQHandler
                0x0000000008004340                WAKEUP_PIN_IRQHandler
                0x0000000008004340                DMA1_Stream4_IRQHandler
                0x0000000008004340                OTG_FS_EP1_IN_IRQHandler
                0x0000000008004340                I2C1_ER_IRQHandler
                0x0000000008004340                FMC_IRQHandler
                0x0000000008004340                FDCAN_CAL_IRQHandler
                0x0000000008004340                SWPMI1_IRQHandler
                0x0000000008004340                COMP1_IRQHandler
                0x0000000008004340                LPTIM1_IRQHandler
                0x0000000008004340                I2C4_ER_IRQHandler
                0x0000000008004340                DMA2_Stream6_IRQHandler
                0x0000000008004340                SAI1_IRQHandler
                0x0000000008004340                DMA1_Stream3_IRQHandler
 *fill*         0x0000000008004342        0x2 
 .text.__libc_init_array
                0x0000000008004344       0x48 /opt/Atollic_TrueSTUDIO_for_STM32_x86_64_9.3.0/ARMTools/bin/../lib/gcc/arm-atollic-eabi/6.3.1/../../../../arm-atollic-eabi/lib/armv7e-m/fpu/fpv5-d16/libc_nano.a(lib_a-init.o)
                0x0000000008004344                __libc_init_array
 .text.memset   0x000000000800438c       0x10 /opt/Atollic_TrueSTUDIO_for_STM32_x86_64_9.3.0/ARMTools/bin/../lib/gcc/arm-atollic-eabi/6.3.1/../../../../arm-atollic-eabi/lib/armv7e-m/fpu/fpv5-d16/libc_nano.a(lib_a-memset.o)
                0x000000000800438c                memset
 *(.glue_7)
 .glue_7        0x000000000800439c        0x0 linker stubs
 *(.glue_7t)
 .glue_7t       0x000000000800439c        0x0 linker stubs
 *(.eh_frame)
 .eh_frame      0x000000000800439c        0x0 /opt/Atollic_TrueSTUDIO_for_STM32_x86_64_9.3.0/ARMTools/bin/../lib/gcc/arm-atollic-eabi/6.3.1/armv7e-m/fpu/fpv5-d16/crtbegin.o
 *(.init)
 .init          0x000000000800439c        0x4 /opt/Atollic_TrueSTUDIO_for_STM32_x86_64_9.3.0/ARMTools/bin/../lib/gcc/arm-atollic-eabi/6.3.1/armv7e-m/fpu/fpv5-d16/crti.o
                0x000000000800439c                _init
 .init          0x00000000080043a0        0x8 /opt/Atollic_TrueSTUDIO_for_STM32_x86_64_9.3.0/ARMTools/bin/../lib/gcc/arm-atollic-eabi/6.3.1/armv7e-m/fpu/fpv5-d16/crtn.o
 *(.fini)
 .fini          0x00000000080043a8        0x4 /opt/Atollic_TrueSTUDIO_for_STM32_x86_64_9.3.0/ARMTools/bin/../lib/gcc/arm-atollic-eabi/6.3.1/armv7e-m/fpu/fpv5-d16/crti.o
                0x00000000080043a8                _fini
 .fini          0x00000000080043ac        0x8 /opt/Atollic_TrueSTUDIO_for_STM32_x86_64_9.3.0/ARMTools/bin/../lib/gcc/arm-atollic-eabi/6.3.1/armv7e-m/fpu/fpv5-d16/crtn.o
                0x00000000080043b4                . = ALIGN (0x4)
                0x00000000080043b4                _etext = .

.vfp11_veneer   0x00000000080043b4        0x0
 .vfp11_veneer  0x00000000080043b4        0x0 linker stubs

.v4_bx          0x00000000080043b4        0x0
 .v4_bx         0x00000000080043b4        0x0 linker stubs

.iplt           0x00000000080043b4        0x0
 .iplt          0x00000000080043b4        0x0 /opt/Atollic_TrueSTUDIO_for_STM32_x86_64_9.3.0/ARMTools/bin/../lib/gcc/arm-atollic-eabi/6.3.1/armv7e-m/fpu/fpv5-d16/crtbegin.o

.rodata         0x00000000080043b4       0x10
                0x00000000080043b4                . = ALIGN (0x4)
 *(.rodata)
 *(.rodata*)
 .rodata.D1CorePrescTable
                0x00000000080043b4       0x10 Src/system_stm32h7xx.o
                0x00000000080043b4                D1CorePrescTable
                0x00000000080043c4                . = ALIGN (0x4)

.rel.dyn        0x00000000080043c4        0x0
 .rel.iplt      0x00000000080043c4        0x0 /opt/Atollic_TrueSTUDIO_for_STM32_x86_64_9.3.0/ARMTools/bin/../lib/gcc/arm-atollic-eabi/6.3.1/armv7e-m/fpu/fpv5-d16/crtbegin.o

.ARM.extab
 *(.ARM.extab* .gnu.linkonce.armextab.*)

.ARM            0x00000000080043c4        0x0
                0x00000000080043c4                __exidx_start = .
 *(.ARM.exidx*)
                0x00000000080043c4                __exidx_end = .

.preinit_array  0x00000000080043c4        0x0
                0x00000000080043c4                PROVIDE (__preinit_array_start, .)
 *(.preinit_array*)
                0x00000000080043c4                PROVIDE (__preinit_array_end, .)

.init_array     0x00000000080043c4        0x4
                0x00000000080043c4                PROVIDE (__init_array_start, .)
 *(SORT(.init_array.*))
 *(.init_array*)
 .init_array    0x00000000080043c4        0x4 /opt/Atollic_TrueSTUDIO_for_STM32_x86_64_9.3.0/ARMTools/bin/../lib/gcc/arm-atollic-eabi/6.3.1/armv7e-m/fpu/fpv5-d16/crtbegin.o
                0x00000000080043c8                PROVIDE (__init_array_end, .)

.fini_array     0x00000000080043c8        0x4
                [!provide]                        PROVIDE (__fini_array_start, .)
 *(SORT(.fini_array.*))
 *(.fini_array*)
 .fini_array    0x00000000080043c8        0x4 /opt/Atollic_TrueSTUDIO_for_STM32_x86_64_9.3.0/ARMTools/bin/../lib/gcc/arm-atollic-eabi/6.3.1/armv7e-m/fpu/fpv5-d16/crtbegin.o
                [!provide]                        PROVIDE (__fini_array_end, .)
                0x00000000080043cc                _sidata = LOADADDR (.data)

.data           0x0000000020000000       0x10 load address 0x00000000080043cc
                0x0000000020000000                . = ALIGN (0x4)
                0x0000000020000000                _sdata = .
 *(.data)
 *(.data*)
 .data.uwTickPrio
                0x0000000020000000        0x4 Drivers/STM32H7xx_HAL_Driver/Src/stm32h7xx_hal.o
                0x0000000020000000                uwTickPrio
 .data.uwTickFreq
                0x0000000020000004        0x1 Drivers/STM32H7xx_HAL_Driver/Src/stm32h7xx_hal.o
                0x0000000020000004                uwTickFreq
 *fill*         0x0000000020000005        0x3 
 .data.SystemCoreClock
                0x0000000020000008        0x4 Src/system_stm32h7xx.o
                0x0000000020000008                SystemCoreClock
 .data.SystemD2Clock
                0x000000002000000c        0x4 Src/system_stm32h7xx.o
                0x000000002000000c                SystemD2Clock
                0x0000000020000010                . = ALIGN (0x4)
                0x0000000020000010                _edata = .

.igot.plt       0x0000000020000010        0x0 load address 0x00000000080043dc
 .igot.plt      0x0000000020000010        0x0 /opt/Atollic_TrueSTUDIO_for_STM32_x86_64_9.3.0/ARMTools/bin/../lib/gcc/arm-atollic-eabi/6.3.1/armv7e-m/fpu/fpv5-d16/crtbegin.o
                0x0000000020000010                . = ALIGN (0x4)

.bss            0x0000000020000010       0xf4 load address 0x00000000080043dc
                0x0000000020000010                _sbss = .
                0x0000000020000010                __bss_start__ = _sbss
 *(.bss)
 .bss           0x0000000020000010       0x1c /opt/Atollic_TrueSTUDIO_for_STM32_x86_64_9.3.0/ARMTools/bin/../lib/gcc/arm-atollic-eabi/6.3.1/armv7e-m/fpu/fpv5-d16/crtbegin.o
 *(.bss*)
 *(COMMON)
 COMMON         0x000000002000002c        0x4 Drivers/STM32H7xx_HAL_Driver/Src/stm32h7xx_hal.o
                0x000000002000002c                uwTick
 COMMON         0x0000000020000030        0x1 Src/debug.o
                0x0000000020000030                _100_msec
 *fill*         0x0000000020000031        0x3 
 COMMON         0x0000000020000034       0x45 Src/main.o
                0x0000000020000034                reg
                0x0000000020000036                counter
                0x0000000020000038                htim1
                0x0000000020000078                int_pin
 *fill*         0x0000000020000079        0x3 
 COMMON         0x000000002000007c       0x88 Src/spi.o
                0x000000002000007c                hspi1
                0x0000000020000104                . = ALIGN (0x4)
                0x0000000020000104                _ebss = .
                0x0000000020000104                __bss_end__ = _ebss

._user_heap_stack
                0x0000000020000104      0x600 load address 0x00000000080043dc
                0x0000000020000104                . = ALIGN (0x4)
                0x0000000020000104                PROVIDE (end, .)
                [!provide]                        PROVIDE (_end, .)
                0x0000000020000304                . = (. + _Min_Heap_Size)
 *fill*         0x0000000020000104      0x200 
                0x0000000020000704                . = (. + _Min_Stack_Size)
 *fill*         0x0000000020000304      0x400 
                0x0000000020000704                . = ALIGN (0x4)

/DISCARD/
 libc.a(*)
 libm.a(*)
 libgcc.a(*)

.ARM.attributes
                0x0000000000000000       0x2e
 *(.ARM.attributes)
 .ARM.attributes
                0x0000000000000000       0x20 /opt/Atollic_TrueSTUDIO_for_STM32_x86_64_9.3.0/ARMTools/bin/../lib/gcc/arm-atollic-eabi/6.3.1/armv7e-m/fpu/fpv5-d16/crti.o
 .ARM.attributes
                0x0000000000000020       0x32 /opt/Atollic_TrueSTUDIO_for_STM32_x86_64_9.3.0/ARMTools/bin/../lib/gcc/arm-atollic-eabi/6.3.1/armv7e-m/fpu/fpv5-d16/crtbegin.o
 .ARM.attributes
                0x0000000000000052       0x37 Drivers/STM32H7xx_HAL_Driver/Src/stm32h7xx_hal.o
 .ARM.attributes
                0x0000000000000089       0x37 Drivers/STM32H7xx_HAL_Driver/Src/stm32h7xx_hal_cortex.o
 .ARM.attributes
                0x00000000000000c0       0x37 Drivers/STM32H7xx_HAL_Driver/Src/stm32h7xx_hal_gpio.o
 .ARM.attributes
                0x00000000000000f7       0x37 Drivers/STM32H7xx_HAL_Driver/Src/stm32h7xx_hal_pwr_ex.o
 .ARM.attributes
                0x000000000000012e       0x37 Drivers/STM32H7xx_HAL_Driver/Src/stm32h7xx_hal_rcc.o
 .ARM.attributes
                0x0000000000000165       0x37 Drivers/STM32H7xx_HAL_Driver/Src/stm32h7xx_hal_rcc_ex.o
 .ARM.attributes
                0x000000000000019c       0x37 Drivers/STM32H7xx_HAL_Driver/Src/stm32h7xx_hal_spi.o
 .ARM.attributes
                0x00000000000001d3       0x37 Drivers/STM32H7xx_HAL_Driver/Src/stm32h7xx_hal_tim.o
 .ARM.attributes
                0x000000000000020a       0x37 Drivers/STM32H7xx_HAL_Driver/Src/stm32h7xx_hal_tim_ex.o
 .ARM.attributes
                0x0000000000000241       0x37 Src/debug.o
 .ARM.attributes
                0x0000000000000278       0x37 Src/gpio.o
 .ARM.attributes
                0x00000000000002af       0x37 Src/main.o
 .ARM.attributes
                0x00000000000002e6       0x37 Src/spi.o
 .ARM.attributes
                0x000000000000031d       0x37 Src/stm32h7xx_hal_msp.o
 .ARM.attributes
                0x0000000000000354       0x37 Src/stm32h7xx_it.o
 .ARM.attributes
                0x000000000000038b       0x37 Src/system_stm32h7xx.o
 .ARM.attributes
                0x00000000000003c2       0x37 Src/tim.o
 .ARM.attributes
                0x00000000000003f9       0x21 startup/startup_stm32h743xx.o
 .ARM.attributes
                0x000000000000041a       0x32 /opt/Atollic_TrueSTUDIO_for_STM32_x86_64_9.3.0/ARMTools/bin/../lib/gcc/arm-atollic-eabi/6.3.1/../../../../arm-atollic-eabi/lib/armv7e-m/fpu/fpv5-d16/libc_nano.a(lib_a-init.o)
 .ARM.attributes
                0x000000000000044c       0x32 /opt/Atollic_TrueSTUDIO_for_STM32_x86_64_9.3.0/ARMTools/bin/../lib/gcc/arm-atollic-eabi/6.3.1/../../../../arm-atollic-eabi/lib/armv7e-m/fpu/fpv5-d16/libc_nano.a(lib_a-memset.o)
 .ARM.attributes
                0x000000000000047e       0x20 /opt/Atollic_TrueSTUDIO_for_STM32_x86_64_9.3.0/ARMTools/bin/../lib/gcc/arm-atollic-eabi/6.3.1/armv7e-m/fpu/fpv5-d16/crtn.o
OUTPUT(Encoder_H734.elf elf32-littlearm)

.debug_info     0x0000000000000000    0x19dd6
 .debug_info    0x0000000000000000     0x1ddd Drivers/STM32H7xx_HAL_Driver/Src/stm32h7xx_hal.o
 .debug_info    0x0000000000001ddd     0x1a72 Drivers/STM32H7xx_HAL_Driver/Src/stm32h7xx_hal_cortex.o
 .debug_info    0x000000000000384f     0x163d Drivers/STM32H7xx_HAL_Driver/Src/stm32h7xx_hal_gpio.o
 .debug_info    0x0000000000004e8c     0x1743 Drivers/STM32H7xx_HAL_Driver/Src/stm32h7xx_hal_pwr_ex.o
 .debug_info    0x00000000000065cf     0x175e Drivers/STM32H7xx_HAL_Driver/Src/stm32h7xx_hal_rcc.o
 .debug_info    0x0000000000007d2d     0x18cd Drivers/STM32H7xx_HAL_Driver/Src/stm32h7xx_hal_rcc_ex.o
 .debug_info    0x00000000000095fa     0x1d2c Drivers/STM32H7xx_HAL_Driver/Src/stm32h7xx_hal_spi.o
 .debug_info    0x000000000000b326     0x3049 Drivers/STM32H7xx_HAL_Driver/Src/stm32h7xx_hal_tim.o
 .debug_info    0x000000000000e36f     0x1d02 Drivers/STM32H7xx_HAL_Driver/Src/stm32h7xx_hal_tim_ex.o
 .debug_info    0x0000000000010071      0xabe Src/debug.o
 .debug_info    0x0000000000010b2f     0x1369 Src/gpio.o
 .debug_info    0x0000000000011e98     0x1c41 Src/main.o
 .debug_info    0x0000000000013ad9     0x173f Src/spi.o
 .debug_info    0x0000000000015218      0xe63 Src/stm32h7xx_hal_msp.o
 .debug_info    0x000000000001607b     0x1116 Src/stm32h7xx_it.o
 .debug_info    0x0000000000017191     0x1321 Src/system_stm32h7xx.o
 .debug_info    0x00000000000184b2     0x1898 Src/tim.o
 .debug_info    0x0000000000019d4a       0x8c startup/startup_stm32h743xx.o

.debug_abbrev   0x0000000000000000     0x2b39
 .debug_abbrev  0x0000000000000000      0x2d4 Drivers/STM32H7xx_HAL_Driver/Src/stm32h7xx_hal.o
 .debug_abbrev  0x00000000000002d4      0x3ae Drivers/STM32H7xx_HAL_Driver/Src/stm32h7xx_hal_cortex.o
 .debug_abbrev  0x0000000000000682      0x288 Drivers/STM32H7xx_HAL_Driver/Src/stm32h7xx_hal_gpio.o
 .debug_abbrev  0x000000000000090a      0x33e Drivers/STM32H7xx_HAL_Driver/Src/stm32h7xx_hal_pwr_ex.o
 .debug_abbrev  0x0000000000000c48      0x2db Drivers/STM32H7xx_HAL_Driver/Src/stm32h7xx_hal_rcc.o
 .debug_abbrev  0x0000000000000f23      0x2bc Drivers/STM32H7xx_HAL_Driver/Src/stm32h7xx_hal_rcc_ex.o
 .debug_abbrev  0x00000000000011df      0x2ce Drivers/STM32H7xx_HAL_Driver/Src/stm32h7xx_hal_spi.o
 .debug_abbrev  0x00000000000014ad      0x2b4 Drivers/STM32H7xx_HAL_Driver/Src/stm32h7xx_hal_tim.o
 .debug_abbrev  0x0000000000001761      0x2a2 Drivers/STM32H7xx_HAL_Driver/Src/stm32h7xx_hal_tim_ex.o
 .debug_abbrev  0x0000000000001a03      0x1bb Src/debug.o
 .debug_abbrev  0x0000000000001bbe      0x207 Src/gpio.o
 .debug_abbrev  0x0000000000001dc5      0x2ad Src/main.o
 .debug_abbrev  0x0000000000002072      0x27e Src/spi.o
 .debug_abbrev  0x00000000000022f0      0x1ef Src/stm32h7xx_hal_msp.o
 .debug_abbrev  0x00000000000024df      0x1ef Src/stm32h7xx_it.o
 .debug_abbrev  0x00000000000026ce      0x218 Src/system_stm32h7xx.o
 .debug_abbrev  0x00000000000028e6      0x241 Src/tim.o
 .debug_abbrev  0x0000000000002b27       0x12 startup/startup_stm32h743xx.o

.debug_aranges  0x0000000000000000      0xea0
 .debug_aranges
                0x0000000000000000      0x1b8 Drivers/STM32H7xx_HAL_Driver/Src/stm32h7xx_hal.o
 .debug_aranges
                0x00000000000001b8      0x120 Drivers/STM32H7xx_HAL_Driver/Src/stm32h7xx_hal_cortex.o
 .debug_aranges
                0x00000000000002d8       0x58 Drivers/STM32H7xx_HAL_Driver/Src/stm32h7xx_hal_gpio.o
 .debug_aranges
                0x0000000000000330      0x158 Drivers/STM32H7xx_HAL_Driver/Src/stm32h7xx_hal_pwr_ex.o
 .debug_aranges
                0x0000000000000488       0x88 Drivers/STM32H7xx_HAL_Driver/Src/stm32h7xx_hal_rcc.o
 .debug_aranges
                0x0000000000000510       0xe0 Drivers/STM32H7xx_HAL_Driver/Src/stm32h7xx_hal_rcc_ex.o
 .debug_aranges
                0x00000000000005f0      0x1a0 Drivers/STM32H7xx_HAL_Driver/Src/stm32h7xx_hal_spi.o
 .debug_aranges
                0x0000000000000790      0x3c8 Drivers/STM32H7xx_HAL_Driver/Src/stm32h7xx_hal_tim.o
 .debug_aranges
                0x0000000000000b58      0x170 Drivers/STM32H7xx_HAL_Driver/Src/stm32h7xx_hal_tim_ex.o
 .debug_aranges
                0x0000000000000cc8       0x20 Src/debug.o
 .debug_aranges
                0x0000000000000ce8       0x20 Src/gpio.o
 .debug_aranges
                0x0000000000000d08       0x40 Src/main.o
 .debug_aranges
                0x0000000000000d48       0x48 Src/spi.o
 .debug_aranges
                0x0000000000000d90       0x20 Src/stm32h7xx_hal_msp.o
 .debug_aranges
                0x0000000000000db0       0x70 Src/stm32h7xx_it.o
 .debug_aranges
                0x0000000000000e20       0x28 Src/system_stm32h7xx.o
 .debug_aranges
                0x0000000000000e48       0x30 Src/tim.o
 .debug_aranges
                0x0000000000000e78       0x28 startup/startup_stm32h743xx.o

.debug_ranges   0x0000000000000000      0xd88
 .debug_ranges  0x0000000000000000      0x1a8 Drivers/STM32H7xx_HAL_Driver/Src/stm32h7xx_hal.o
 .debug_ranges  0x00000000000001a8      0x110 Drivers/STM32H7xx_HAL_Driver/Src/stm32h7xx_hal_cortex.o
 .debug_ranges  0x00000000000002b8       0x48 Drivers/STM32H7xx_HAL_Driver/Src/stm32h7xx_hal_gpio.o
 .debug_ranges  0x0000000000000300      0x148 Drivers/STM32H7xx_HAL_Driver/Src/stm32h7xx_hal_pwr_ex.o
 .debug_ranges  0x0000000000000448       0x78 Drivers/STM32H7xx_HAL_Driver/Src/stm32h7xx_hal_rcc.o
 .debug_ranges  0x00000000000004c0       0xd0 Drivers/STM32H7xx_HAL_Driver/Src/stm32h7xx_hal_rcc_ex.o
 .debug_ranges  0x0000000000000590      0x190 Drivers/STM32H7xx_HAL_Driver/Src/stm32h7xx_hal_spi.o
 .debug_ranges  0x0000000000000720      0x3b8 Drivers/STM32H7xx_HAL_Driver/Src/stm32h7xx_hal_tim.o
 .debug_ranges  0x0000000000000ad8      0x160 Drivers/STM32H7xx_HAL_Driver/Src/stm32h7xx_hal_tim_ex.o
 .debug_ranges  0x0000000000000c38       0x10 Src/debug.o
 .debug_ranges  0x0000000000000c48       0x10 Src/gpio.o
 .debug_ranges  0x0000000000000c58       0x30 Src/main.o
 .debug_ranges  0x0000000000000c88       0x38 Src/spi.o
 .debug_ranges  0x0000000000000cc0       0x10 Src/stm32h7xx_hal_msp.o
 .debug_ranges  0x0000000000000cd0       0x60 Src/stm32h7xx_it.o
 .debug_ranges  0x0000000000000d30       0x18 Src/system_stm32h7xx.o
 .debug_ranges  0x0000000000000d48       0x20 Src/tim.o
 .debug_ranges  0x0000000000000d68       0x20 startup/startup_stm32h743xx.o

.debug_line     0x0000000000000000     0x7411
 .debug_line    0x0000000000000000      0x6f2 Drivers/STM32H7xx_HAL_Driver/Src/stm32h7xx_hal.o
 .debug_line    0x00000000000006f2      0x658 Drivers/STM32H7xx_HAL_Driver/Src/stm32h7xx_hal_cortex.o
 .debug_line    0x0000000000000d4a      0x504 Drivers/STM32H7xx_HAL_Driver/Src/stm32h7xx_hal_gpio.o
 .debug_line    0x000000000000124e      0x6e4 Drivers/STM32H7xx_HAL_Driver/Src/stm32h7xx_hal_pwr_ex.o
 .debug_line    0x0000000000001932      0x695 Drivers/STM32H7xx_HAL_Driver/Src/stm32h7xx_hal_rcc.o
 .debug_line    0x0000000000001fc7      0x8de Drivers/STM32H7xx_HAL_Driver/Src/stm32h7xx_hal_rcc_ex.o
 .debug_line    0x00000000000028a5      0xd8c Drivers/STM32H7xx_HAL_Driver/Src/stm32h7xx_hal_spi.o
 .debug_line    0x0000000000003631     0x17f5 Drivers/STM32H7xx_HAL_Driver/Src/stm32h7xx_hal_tim.o
 .debug_line    0x0000000000004e26      0xa59 Drivers/STM32H7xx_HAL_Driver/Src/stm32h7xx_hal_tim_ex.o
 .debug_line    0x000000000000587f      0x2d7 Src/debug.o
 .debug_line    0x0000000000005b56      0x31a Src/gpio.o
 .debug_line    0x0000000000005e70      0x3ef Src/main.o
 .debug_line    0x000000000000625f      0x3de Src/spi.o
 .debug_line    0x000000000000663d      0x2f6 Src/stm32h7xx_hal_msp.o
 .debug_line    0x0000000000006933      0x3db Src/stm32h7xx_it.o
 .debug_line    0x0000000000006d0e      0x330 Src/system_stm32h7xx.o
 .debug_line    0x000000000000703e      0x355 Src/tim.o
 .debug_line    0x0000000000007393       0x7e startup/startup_stm32h743xx.o

.debug_str      0x0000000000000000     0x57d4
 .debug_str     0x0000000000000000     0x19f0 Drivers/STM32H7xx_HAL_Driver/Src/stm32h7xx_hal.o
                                       0x1ae8 (size before relaxing)
 .debug_str     0x00000000000019f0      0x5b5 Drivers/STM32H7xx_HAL_Driver/Src/stm32h7xx_hal_cortex.o
                                       0x171f (size before relaxing)
 .debug_str     0x0000000000001fa5      0x19e Drivers/STM32H7xx_HAL_Driver/Src/stm32h7xx_hal_gpio.o
                                        0xdd0 (size before relaxing)
 .debug_str     0x0000000000002143      0x57c Drivers/STM32H7xx_HAL_Driver/Src/stm32h7xx_hal_pwr_ex.o
                                       0x10b0 (size before relaxing)
 .debug_str     0x00000000000026bf      0x4a0 Drivers/STM32H7xx_HAL_Driver/Src/stm32h7xx_hal_rcc.o
                                       0x1064 (size before relaxing)
 .debug_str     0x0000000000002b5f      0x8c0 Drivers/STM32H7xx_HAL_Driver/Src/stm32h7xx_hal_rcc_ex.o
                                       0x1465 (size before relaxing)
 .debug_str     0x000000000000341f      0xa3d Drivers/STM32H7xx_HAL_Driver/Src/stm32h7xx_hal_spi.o
                                       0x13cd (size before relaxing)
 .debug_str     0x0000000000003e5c     0x107c Drivers/STM32H7xx_HAL_Driver/Src/stm32h7xx_hal_tim.o
                                       0x1cba (size before relaxing)
 .debug_str     0x0000000000004ed8      0x6a4 Drivers/STM32H7xx_HAL_Driver/Src/stm32h7xx_hal_tim_ex.o
                                       0x15aa (size before relaxing)
 .debug_str     0x000000000000557c       0x27 Src/debug.o
                                        0x8bf (size before relaxing)
 .debug_str     0x00000000000055a3       0x1b Src/gpio.o
                                       0x13a1 (size before relaxing)
 .debug_str     0x00000000000055be       0x5f Src/main.o
                                       0x16e9 (size before relaxing)
 .debug_str     0x000000000000561d       0x6e Src/spi.o
                                       0x11c8 (size before relaxing)
 .debug_str     0x000000000000568b       0x1b Src/stm32h7xx_hal_msp.o
                                        0xaf3 (size before relaxing)
 .debug_str     0x00000000000056a6       0xca Src/stm32h7xx_it.o
                                        0xe8b (size before relaxing)
 .debug_str     0x0000000000005770       0x3b Src/system_stm32h7xx.o
                                        0xc90 (size before relaxing)
 .debug_str     0x00000000000057ab       0x29 Src/tim.o
                                       0x1923 (size before relaxing)

.comment        0x0000000000000000       0x7c
 .comment       0x0000000000000000       0x7c Drivers/STM32H7xx_HAL_Driver/Src/stm32h7xx_hal.o
                                         0x7d (size before relaxing)
 .comment       0x000000000000007c       0x7d Drivers/STM32H7xx_HAL_Driver/Src/stm32h7xx_hal_cortex.o
 .comment       0x000000000000007c       0x7d Drivers/STM32H7xx_HAL_Driver/Src/stm32h7xx_hal_gpio.o
 .comment       0x000000000000007c       0x7d Drivers/STM32H7xx_HAL_Driver/Src/stm32h7xx_hal_pwr_ex.o
 .comment       0x000000000000007c       0x7d Drivers/STM32H7xx_HAL_Driver/Src/stm32h7xx_hal_rcc.o
 .comment       0x000000000000007c       0x7d Drivers/STM32H7xx_HAL_Driver/Src/stm32h7xx_hal_rcc_ex.o
 .comment       0x000000000000007c       0x7d Drivers/STM32H7xx_HAL_Driver/Src/stm32h7xx_hal_spi.o
 .comment       0x000000000000007c       0x7d Drivers/STM32H7xx_HAL_Driver/Src/stm32h7xx_hal_tim.o
 .comment       0x000000000000007c       0x7d Drivers/STM32H7xx_HAL_Driver/Src/stm32h7xx_hal_tim_ex.o
 .comment       0x000000000000007c       0x7d Src/debug.o
 .comment       0x000000000000007c       0x7d Src/gpio.o
 .comment       0x000000000000007c       0x7d Src/main.o
 .comment       0x000000000000007c       0x7d Src/spi.o
 .comment       0x000000000000007c       0x7d Src/stm32h7xx_hal_msp.o
 .comment       0x000000000000007c       0x7d Src/stm32h7xx_it.o
 .comment       0x000000000000007c       0x7d Src/system_stm32h7xx.o
 .comment       0x000000000000007c       0x7d Src/tim.o

.debug_frame    0x0000000000000000     0x3c18
 .debug_frame   0x0000000000000000      0x708 Drivers/STM32H7xx_HAL_Driver/Src/stm32h7xx_hal.o
 .debug_frame   0x0000000000000708      0x4b8 Drivers/STM32H7xx_HAL_Driver/Src/stm32h7xx_hal_cortex.o
 .debug_frame   0x0000000000000bc0      0x14c Drivers/STM32H7xx_HAL_Driver/Src/stm32h7xx_hal_gpio.o
 .debug_frame   0x0000000000000d0c      0x580 Drivers/STM32H7xx_HAL_Driver/Src/stm32h7xx_hal_pwr_ex.o
 .debug_frame   0x000000000000128c      0x1ec Drivers/STM32H7xx_HAL_Driver/Src/stm32h7xx_hal_rcc.o
 .debug_frame   0x0000000000001478      0x390 Drivers/STM32H7xx_HAL_Driver/Src/stm32h7xx_hal_rcc_ex.o
 .debug_frame   0x0000000000001808      0x778 Drivers/STM32H7xx_HAL_Driver/Src/stm32h7xx_hal_spi.o
 .debug_frame   0x0000000000001f80     0x118c Drivers/STM32H7xx_HAL_Driver/Src/stm32h7xx_hal_tim.o
 .debug_frame   0x000000000000310c      0x660 Drivers/STM32H7xx_HAL_Driver/Src/stm32h7xx_hal_tim_ex.o
 .debug_frame   0x000000000000376c       0x30 Src/debug.o
 .debug_frame   0x000000000000379c       0x34 Src/gpio.o
 .debug_frame   0x00000000000037d0       0xc4 Src/main.o
 .debug_frame   0x0000000000003894       0xe8 Src/spi.o
 .debug_frame   0x000000000000397c       0x38 Src/stm32h7xx_hal_msp.o
 .debug_frame   0x00000000000039b4      0x144 Src/stm32h7xx_it.o
 .debug_frame   0x0000000000003af8       0x58 Src/system_stm32h7xx.o
 .debug_frame   0x0000000000003b50       0x7c Src/tim.o
 .debug_frame   0x0000000000003bcc       0x2c /opt/Atollic_TrueSTUDIO_for_STM32_x86_64_9.3.0/ARMTools/bin/../lib/gcc/arm-atollic-eabi/6.3.1/../../../../arm-atollic-eabi/lib/armv7e-m/fpu/fpv5-d16/libc_nano.a(lib_a-init.o)
 .debug_frame   0x0000000000003bf8       0x20 /opt/Atollic_TrueSTUDIO_for_STM32_x86_64_9.3.0/ARMTools/bin/../lib/gcc/arm-atollic-eabi/6.3.1/../../../../arm-atollic-eabi/lib/armv7e-m/fpu/fpv5-d16/libc_nano.a(lib_a-memset.o)
